components/ThreeDViewer.tsx(58,7): error TS2339: Property 'model-viewer' does not exist on type 'JSX.IntrinsicElements'.
components/ThreeDViewer.tsx(77,7): error TS2339: Property 'model-viewer' does not exist on type 'JSX.IntrinsicElements'.
pages/Admin.tsx(314,20): error TS2345: Argument of type '{ name: any; category: any; short_description: any; detailed_description: any; unit_price: any; available_colors: any; available_materials: any; published: any; }' is not assignable to parameter of type 'SetStateAction<{ name: string; category: string; short_description: string; detailed_description: string; unit_price: string; available_colors: string; available_materials: string; published: boolean; length: string; width: string; height: string; }>'.
  Type '{ name: any; category: any; short_description: any; detailed_description: any; unit_price: any; available_colors: any; available_materials: any; published: any; }' is missing the following properties from type '{ name: string; category: string; short_description: string; detailed_description: string; unit_price: string; available_colors: string; available_materials: string; published: boolean; length: string; width: string; height: string; }': length, width, height
pages/Admin.tsx(337,20): error TS2345: Argument of type '{ name: string; category: string; short_description: string; detailed_description: string; unit_price: string; available_colors: string; available_materials: string; published: true; }' is not assignable to parameter of type 'SetStateAction<{ name: string; category: string; short_description: string; detailed_description: string; unit_price: string; available_colors: string; available_materials: string; published: boolean; length: string; width: string; height: string; }>'.
  Type '{ name: string; category: string; short_description: string; detailed_description: string; unit_price: string; available_colors: string; available_materials: string; published: true; }' is missing the following properties from type '{ name: string; category: string; short_description: string; detailed_description: string; unit_price: string; available_colors: string; available_materials: string; published: boolean; length: string; width: string; height: string; }': length, width, height
pages/Login.tsx(41,23): error TS2339: Property 'is_admin' does not exist on type 'void | User'.
  Property 'is_admin' does not exist on type 'void'.
